Microchip MPLAB XC8 Compiler V2.00 ()

Linker command line:

-W-3 --edf=E:\Program\XC8\pic\dat\en_msgs.txt -cs \
  -h+dist/default/debug\all.X.debug.sym \
  --cmf=dist/default/debug\all.X.debug.cmf -z -Q16F887 \
  -oC:\Users\tonyj\AppData\Local\Temp\sjuk.2 --defsym=__MPLAB_BUILD=1 \
  -Mdist/default/debug/all.X.debug.map -E1 -ver=XC8 --acfsm=1493 \
  -ASTACK=0110h-016fh -pstack=STACK -ACODE=00h-07FFhx4 -ASTRCODE=00h-01FFFh \
  -ASTRING=00h-0FFhx32 -ACONST=00h-0FFhx32 -AENTRY=00h-0FFhx32 \
  -ACOMMON=070h-07Fh -ABANK0=020h-06Fh -ABANK1=0A0h-0EFh \
  -ABANK2=0110h-016Fh -ABANK3=0190h-01EFh \
  -ARAM=020h-06Fh,0A0h-0EFh,0110h-016Fh,0190h-01EFh \
  -AABS1=020h-07Fh,0A0h-0EFh,0110h-016Fh,0190h-01EFh -ASFR0=00h-01Fh \
  -ASFR1=080h-09Fh -ASFR2=0100h-010Fh -ASFR3=0180h-018Fh \
  -preset_vec=00h,intentry=04h,init,end_init -ppowerup=CODE -pcinit=CODE \
  -pfunctab=ENTRY -ACONFIG=02007h-02008h -pconfig=CONFIG -DCONFIG=2 \
  -AIDLOC=02000h-02003h -pidloc=IDLOC -DIDLOC=2 -AEEDATA=00h-0FFh/02100h \
  -peeprom_data=EEDATA -DEEDATA=2 -DCODE=2 -DSTRCODE=2 -DSTRING=2 -DCONST=2 \
  -DENTRY=2 -k C:\Users\tonyj\AppData\Local\Temp\sjuk.o \
  dist/default/debug\all.X.debug.o 

Object code version is 3.11

Machine type is 16F887



                Name                               Link     Load   Length Selector   Space Scale
C:\Users\tonyj\AppData\Local\Temp\sjuk.o
                end_init                              C        C        3        8       0
                reset_vec                             0        0        3        0       0
                config                             2007     2007        2     400E       0
dist/default/debug\all.X.debug.o
                cinit                                 F        F       29        8       0
                intentry                              4        4        8        8       0
                text49                             140A     140A       1F     2814       0
                text48                              C77      C77       61     18EE       0
                text47                             13B5     13B5       1B     276A       0
                text46                             16BE     16BE       4A     2D7C       0
                text45                             12AF     12AF        7     255E       0
                text44                             1554     1554       29     2AA8       0
                text43                             12D8     12D8        D     25B0       0
                text42                             1608     1608       3C     2C10       0
                text41                             1301     1301       10     2602       0
                text40                             12B6     12B6        7     256C       0
                text39                             135A     135A       14     26B4       0
                text38                             152C     152C       28     2A58       0
                text37                             1429     1429       1F     2852       0
                text36                             1322     1322       12     2644       0
                text35                             12E5     12E5        E     25CA       0
                text34                             1448     1448       1F     2890       0
                text33                             12CD     12CD        B     259A       0
                text32                             12AA     12AA        5     2554       0
                text31                             1334     1334       13     2668       0
                text30                             13D0     13D0       1C     27A0       0
                text29                             136E     136E       16     26DC       0
                text28                              D3D      D3D       67     1A7A       0
                text27                             1644     1644       3D     2C88       0
                text26                             1384     1384       17     2708       0
                text25                             1311     1311       11     2622       0
                text24                             1708     1708       4A     2E10       0
                text23                             14C6     14C6       21     298C       0
                text22                              BBC      BBC       5B     1778       0
                text21                              76D      76D       71        8       0
                text20                             15D7     15D7       31     2BAE       0
                text19                             15A9     15A9       2E     2B52       0
                text18                              E12      E12       E6     1C24       0
                text17                              DA4      DA4       6E     1B48       0
                text16                             1509     1509       23     2A12       0
                text15                               38       38      735        8       0
                text14                              C17      C17       60     182E       0
                text13                             1681     1681       3D     2D02       0
                text12                             14E7     14E7       22     29CE       0
                text11                              EF8      EF8      108     1DF0       0
                text10                             12BD     12BD        8     257A       0
                text9                              13EC     13EC       1E     27D8       0
                text8                               B74      B74       48     16E8       0
                text7                              157D     157D       2C     2AFA       0
                text6                              1486     1486       20     290C       0
                text5                              14A6     14A6       20     294C       0
                text4                              1752     1752       57     2EA4       0
                text3                              17A9     17A9       57     2F52       0
                text2                               7DE      7DE       22        8       0
                text1                              1467     1467       1F     28CE       0
                maintext                            CD8      CD8       65     19B0       0
                cstackBANK0                          5D       5D        C       20       1
                cstackCOMMON                         70       70        A       70       1
                clrtext                            12C5     12C5        8     258A       0
                inittext                           1347     1347       13     268E       0
                dataBANK1                            A0       A0        E       A0       1
                dataBANK0                            43       43       1A       20       1
                bssBANK0                             20       20       23       20       1
                bssCOMMON                            7B       7B        1       70       1
                bitbssCOMMON                        3D0       7A        3       70       1     8
                stringtext                          800      800      373       10       0
                idataBANK1                         12F3     12F3        E     25E6       0
                idataBANK0                         139B     139B       1A     2736       0

TOTAL           Name                               Link     Load   Length     Space
        CLASS   STACK          

        CLASS   CODE           
                end_init                              C        C        3         0
                cinit                                 F        F       29         0
                intentry                              4        4        8         0
                reset_vec                             0        0        3         0
                text49                             140A     140A       1F         0
                text48                              C77      C77       61         0
                text47                             13B5     13B5       1B         0
                text46                             16BE     16BE       4A         0
                text45                             12AF     12AF        7         0
                text44                             1554     1554       29         0
                text43                             12D8     12D8        D         0
                text42                             1608     1608       3C         0
                text41                             1301     1301       10         0
                text40                             12B6     12B6        7         0
                text39                             135A     135A       14         0
                text38                             152C     152C       28         0
                text37                             1429     1429       1F         0
                text36                             1322     1322       12         0
                text35                             12E5     12E5        E         0
                text34                             1448     1448       1F         0
                text33                             12CD     12CD        B         0
                text32                             12AA     12AA        5         0
                text31                             1334     1334       13         0
                text30                             13D0     13D0       1C         0
                text29                             136E     136E       16         0
                text28                              D3D      D3D       67         0
                text27                             1644     1644       3D         0
                text26                             1384     1384       17         0
                text25                             1311     1311       11         0
                text24                             1708     1708       4A         0
                text23                             14C6     14C6       21         0
                text22                              BBC      BBC       5B         0
                text21                              76D      76D       71         0
                text20                             15D7     15D7       31         0
                text19                             15A9     15A9       2E         0
                text18                              E12      E12       E6         0
                text17                              DA4      DA4       6E         0
                text16                             1509     1509       23         0
                text15                               38       38      735         0
                text14                              C17      C17       60         0
                text13                             1681     1681       3D         0
                text12                             14E7     14E7       22         0
                text11                              EF8      EF8      108         0
                text10                             12BD     12BD        8         0
                text9                              13EC     13EC       1E         0
                text8                               B74      B74       48         0
                text7                              157D     157D       2C         0
                text6                              1486     1486       20         0
                text5                              14A6     14A6       20         0
                text4                              1752     1752       57         0
                text3                              17A9     17A9       57         0
                text2                               7DE      7DE       22         0
                text1                              1467     1467       1F         0
                maintext                            CD8      CD8       65         0
                clrtext                            12C5     12C5        8         0
                inittext                           1347     1347       13         0
                idataBANK1                         12F3     12F3        E         0
                idataBANK0                         139B     139B       1A         0

        CLASS   STRCODE        
                stringtext                          800      800      373         0

        CLASS   STRING         

        CLASS   CONST          

        CLASS   ENTRY          

        CLASS   COMMON         
                cstackCOMMON                         70       70        A         1
                bssCOMMON                            7B       7B        1         1
                bitbssCOMMON                        3D0       7A        3         1

        CLASS   BANK0          
                cstackBANK0                          5D       5D        C         1
                dataBANK0                            43       43       1A         1
                bssBANK0                             20       20       23         1

        CLASS   BANK1          
                dataBANK1                            A0       A0        E         1

        CLASS   BANK2          

        CLASS   BANK3          

        CLASS   RAM            

        CLASS   ABS1           
                abs_s1                               7E       7E        2         1

        CLASS   SFR0           

        CLASS   SFR1           

        CLASS   SFR2           

        CLASS   SFR3           

        CLASS   CONFIG         
                config                             2007     2007        2         0

        CLASS   IDLOC          

        CLASS   EEDATA         



SEGMENTS        Name                           Load    Length   Top    Selector   Space  Class     Delta

                reset_vec                      000000  000003  000003         0       0  CODE        2
                intentry                       000004  0007FC  000800         8       0  CODE        2
                bssBANK0                       000020  000049  000069        20       1  BANK0       1
                cstackCOMMON                   000070  00000C  00007C        70       1  COMMON      1
                dataBANK1                      0000A0  00000E  0000AE        A0       1  BANK1       1
                stringtext                     000800  000373  000B73        10       0  STRCODE     2
                text8                          000B74  000048  000BBC      16E8       0  CODE        2
                text22                         000BBC  00005B  000C17      1778       0  CODE        2
                text14                         000C17  000060  000C77      182E       0  CODE        2
                text48                         000C77  000061  000CD8      18EE       0  CODE        2
                maintext                       000CD8  000065  000D3D      19B0       0  CODE        2
                text28                         000D3D  000067  000DA4      1A7A       0  CODE        2
                text17                         000DA4  00006E  000E12      1B48       0  CODE        2
                text18                         000E12  0000E6  000EF8      1C24       0  CODE        2
                text11                         000EF8  000108  001000      1DF0       0  CODE        2
                text32                         0012AA  000005  0012AF      2554       0  CODE        2
                text45                         0012AF  000007  0012B6      255E       0  CODE        2
                text40                         0012B6  000007  0012BD      256C       0  CODE        2
                text10                         0012BD  000008  0012C5      257A       0  CODE        2
                clrtext                        0012C5  000008  0012CD      258A       0  CODE        2
                text33                         0012CD  00000B  0012D8      259A       0  CODE        2
                text43                         0012D8  00000D  0012E5      25B0       0  CODE        2
                text35                         0012E5  00000E  0012F3      25CA       0  CODE        2
                idataBANK1                     0012F3  00000E  001301      25E6       0  CODE        2
                text41                         001301  000010  001311      2602       0  CODE        2
                text25                         001311  000011  001322      2622       0  CODE        2
                text36                         001322  000012  001334      2644       0  CODE        2
                text31                         001334  000013  001347      2668       0  CODE        2
                inittext                       001347  000013  00135A      268E       0  CODE        2
                text39                         00135A  000014  00136E      26B4       0  CODE        2
                text29                         00136E  000016  001384      26DC       0  CODE        2
                text26                         001384  000017  00139B      2708       0  CODE        2
                idataBANK0                     00139B  00001A  0013B5      2736       0  CODE        2
                text47                         0013B5  00001B  0013D0      276A       0  CODE        2
                text30                         0013D0  00001C  0013EC      27A0       0  CODE        2
                text9                          0013EC  00001E  00140A      27D8       0  CODE        2
                text49                         00140A  00001F  001429      2814       0  CODE        2
                text37                         001429  00001F  001448      2852       0  CODE        2
                text34                         001448  00001F  001467      2890       0  CODE        2
                text1                          001467  00001F  001486      28CE       0  CODE        2
                text6                          001486  000020  0014A6      290C       0  CODE        2
                text5                          0014A6  000020  0014C6      294C       0  CODE        2
                text23                         0014C6  000021  0014E7      298C       0  CODE        2
                text12                         0014E7  000022  001509      29CE       0  CODE        2
                text16                         001509  000023  00152C      2A12       0  CODE        2
                text38                         00152C  000028  001554      2A58       0  CODE        2
                text44                         001554  000029  00157D      2AA8       0  CODE        2
                text7                          00157D  00002C  0015A9      2AFA       0  CODE        2
                text19                         0015A9  00002E  0015D7      2B52       0  CODE        2
                text20                         0015D7  000031  001608      2BAE       0  CODE        2
                text42                         001608  00003C  001644      2C10       0  CODE        2
                text27                         001644  00003D  001681      2C88       0  CODE        2
                text13                         001681  00003D  0016BE      2D02       0  CODE        2
                text46                         0016BE  00004A  001708      2D7C       0  CODE        2
                text24                         001708  00004A  001752      2E10       0  CODE        2
                text4                          001752  000057  0017A9      2EA4       0  CODE        2
                text3                          0017A9  000057  001800      2F52       0  CODE        2
                config                         002007  000002  002009      400E       0  CONFIG      2


UNUSED ADDRESS RANGES

        Name                Unused          Largest block    Delta
        BANK0            0069-006F              7           1
        BANK1            00AE-00EF             42           1
        BANK2            0110-016F             60           1
        BANK3            0190-01EF             60           1
        CODE             0003-0003              1           2
                         0B73-0B73              1
                         1000-12A9            2AA
                         1800-1FFF            800
        COMMON           007C-007D              2           1
        CONST            0003-0003              1           2
                         0B73-0B73              1
                         1000-12A9            100
                         1800-1FFF            100
        EEDATA           2100-21FF            100           2
        ENTRY            0003-0003              1           2
                         0B73-0B73              1
                         1000-12A9            100
                         1800-1FFF            100
        IDLOC            2000-2003              4           2
        RAM              0069-006F              7           1
                         00AE-00EF             42
                         0110-016F             60
                         0190-01EF             60
        SFR0             0000-001F             20           1
        SFR1             0080-009F             20           1
        SFR2             0100-010F             10           1
        SFR3             0180-018F             10           1
        STACK            0110-016F             60           1
        STRCODE          0003-0003              1           2
                         0B73-0B73              1
                         1000-12A9            2AA
                         1800-1FFF            800
        STRING           0003-0003              1           2
                         0B73-0B73              1
                         1000-12A9            100
                         1800-1FFF            100

                                  Symbol Table

Ds1302Init@n                cstackCOMMON 0077
Ds1302Read@addr             cstackCOMMON 0075
Ds1302Read@dat              cstackCOMMON 0077
Ds1302Read@dat1             cstackCOMMON 0076
Ds1302Read@n                cstackCOMMON 0078
Ds1302ReadTimeBCD@n         cstackBANK0  005D
Ds1302Write@addr            cstackCOMMON 0074
Ds1302Write@dat             cstackCOMMON 0072
Ds1302Write@n               cstackCOMMON 0075
Ds1302WriteTime@dat         cstackCOMMON 0076
Ds1302WriteTime@n           cstackCOMMON 0078
LCD_Busy@busyFlag           cstackCOMMON 0075
LCD_Read_dat@dat            cstackCOMMON 0073
LCD_en_command@command      cstackCOMMON 0078
LCD_en_dat@dat              cstackCOMMON 0073
LCD_set_xy@address          cstackBANK0  005E
LCD_set_xy@x                cstackBANK0  005F
LCD_set_xy@y                cstackCOMMON 0079
LCD_write_char@dat          cstackBANK0  0061
LCD_write_char@x            cstackBANK0  0063
LCD_write_char@y            cstackBANK0  0060
LCD_write_string@X          cstackBANK0  0064
LCD_write_string@Y          cstackBANK0  0060
LCD_write_string@s          cstackBANK0  0061
PwmTone@X                   cstackCOMMON 0077
PwmTone@n                   cstackCOMMON 0076
SixteenNoteDelay@n          cstackBANK0  005D
SixteenNoteDelay@x          cstackBANK0  005E
UART_send_char@data         cstackCOMMON 0072
UART_send_string@Str        cstackCOMMON 0073
Y_position@addr             cstackCOMMON 0072
_ANSEL                      (abs)        0188
_ANSELH                     (abs)        0189
_AlarmDataDisplay           text28       0D3D
_Alarm_TIME                 dataBANK0    0057
_BAUDCTLbits                (abs)        0187
_CCP1CONbits                (abs)        0017
_CCPR1L                     (abs)        0015
_ClearScreenOnce            text22       0BBC
_DAY_ten                    bssBANK0     0034
_DAY_unit                   bssBANK0     0033
_Ds1302Init                 text46       16BE
_Ds1302Read                 text21       076D
_Ds1302ReadTimeBCD          text20       15D7
_Ds1302Write                text48       0C77
_Ds1302WriteTime            text19       15A9
_Ds1302_Init                text45       12AF
_FrameworkDisplay           text27       1644
_HOUR_ten                   bssBANK0     0031
_HOUR_unit                  bssBANK0     0030
_INTCONbits                 (abs)        000B
_INTF                       (abs)        0059
_ISR                        text49       140A
_InitScrn                   text41       1301
_Initialize_INT             text40       12B6
_Initialize_UART            text37       1429
_JingleBell                 stringtext   093B
_KEY_init                   text36       1322
_LCD_Busy                   text25       1311
_LCD_MPU_init               text35       12E5
_LCD_Read_dat               text26       1384
_LCD_en_command             text42       1608
_LCD_en_dat                 text31       1334
_LCD_init                   text34       1448
_LCD_set_xy                 text30       13D0
_LCD_write_char             text29       136E
_LCD_write_string           text24       1708
_LED_Init                   text33       12CD
_LcdTimeAddr                dataBANK0    0043
_LittleLamb                 stringtext   0A16
_LittleStar                 stringtext   0A99
_MINUTE_ten                 bssBANK0     002F
_MINUTE_unit                bssBANK0     002E
_MONTH_ten                  bssBANK0     0036
_MONTH_unit                 bssBANK0     0035
_MUSIC_init                 text32       12AA
_Mode                       bssBANK0     002B
_ModeSwitch                 text15       0038
_MusicDisplay               text14       0C17
_MusicPlay                  text11       0EF8
_MusicPosition              bssBANK0     0027
_OPTION_REGbits             (abs)        0081
_PORTBbits                  (abs)        0006
_PORTCbits                  (abs)        0007
_PORTD                      (abs)        0008
_PORTEbits                  (abs)        0009
_PR2                        (abs)        0092
_PwmInit                    text10       12BD
_PwmTone                    text13       1681
_RCSTAbits                  (abs)        0018
_ReadTimeAddr               stringtext   0ACF
_SECOND_ten                 bssBANK0     002D
_SECOND_unit                bssBANK0     002C
_SET_TIME                   dataBANK0    0050
_SPBRG                      (abs)        0099
_SixteenNoteDelay           text12       14E7
_SkyCity                    stringtext   0812
_SongName                   stringtext   0AB8
_SongNum                    bssBANK0     0042
_T2CON                      (abs)        0012
_TRISB                      (abs)        0086
_TRISC                      (abs)        0087
_TRISCbits                  (abs)        0087
_TRISD                      (abs)        0088
_TRISE                      (abs)        0089
_TXIF                       (abs)        0064
_TXREG                      (abs)        0019
_TXSTAbits                  (abs)        0098
_TempMetre                  bssBANK0     003F
_TempTone                   bssBANK0     0040
_TimeDataDisplay            text18       0E12
_Trans_Alarm_bit            text47       13B5
_Trans_Time_bit             text17       0DA4
_UART_send_char             text39       135A
_UART_send_string           text38       152C
_WEEK_unit                  bssBANK0     0032
_WriteTimeAddr              stringtext   0AC8
_YEAR_ten                   bssBANK0     0038
_YEAR_unit                  bssBANK0     0037
_Y_position                 text16       1509
__CFG_BOR4V$BOR40V          (abs)        0000
__CFG_BOREN$ON              (abs)        0000
__CFG_CP$OFF                (abs)        0000
__CFG_CPD$OFF               (abs)        0000
__CFG_FCMEN$ON              (abs)        0000
__CFG_FOSC$HS               (abs)        0000
__CFG_IESO$ON               (abs)        0000
__CFG_LVP$ON                (abs)        0000
__CFG_MCLRE$ON              (abs)        0000
__CFG_PWRTE$OFF             (abs)        0000
__CFG_WDTE$OFF              (abs)        0000
__CFG_WRT$OFF               (abs)        0000
__Habs1                     abs1         0000
__Hbank0                    bank0        0000
__Hbank1                    bank1        0000
__Hbank2                    bank2        0000
__Hbank3                    bank3        0000
__HbitbssCOMMON             bitbssCOMMON 0000
__HbssBANK0                 bssBANK0     0000
__HbssCOMMON                bssCOMMON    0000
__Hcinit                    cinit        0038
__Hclrtext                  clrtext      0000
__Hcode                     code         0000
__Hcommon                   common       0000
__Hconfig                   config       2009
__HcstackBANK0              cstackBANK0  0000
__HcstackCOMMON             cstackCOMMON 0000
__HdataBANK0                dataBANK0    0000
__HdataBANK1                dataBANK1    0000
__Heeprom_data              eeprom_data  0000
__Hend_init                 end_init     000F
__Hfunctab                  functab      0000
__HidataBANK0               idataBANK0   0000
__HidataBANK1               idataBANK1   0000
__Hidloc                    idloc        0000
__Hinit                     init         000C
__Hinittext                 inittext     0000
__Hintentry                 intentry     000C
__Hmaintext                 maintext     0000
__Hpowerup                  powerup      0000
__Hram                      ram          0000
__Hreset_vec                reset_vec    0003
__Hsfr0                     sfr0         0000
__Hsfr1                     sfr1         0000
__Hsfr2                     sfr2         0000
__Hsfr3                     sfr3         0000
__Hspace_0                  (abs)        2009
__Hspace_1                  (abs)        03D3
__Hspace_2                  (abs)        0000
__Hspace_3                  (abs)        0000
__Hstack                    stack        0000
__Hstrings                  strings      0000
__Hstringtext               stringtext   0000
__Htext                     text         0000
__Labs1                     abs1         0000
__Lbank0                    bank0        0000
__Lbank1                    bank1        0000
__Lbank2                    bank2        0000
__Lbank3                    bank3        0000
__LbitbssCOMMON             bitbssCOMMON 0000
__LbssBANK0                 bssBANK0     0000
__LbssCOMMON                bssCOMMON    0000
__Lcinit                    cinit        000F
__Lclrtext                  clrtext      0000
__Lcode                     code         0000
__Lcommon                   common       0000
__Lconfig                   config       2007
__LcstackBANK0              cstackBANK0  0000
__LcstackCOMMON             cstackCOMMON 0000
__LdataBANK0                dataBANK0    0000
__LdataBANK1                dataBANK1    0000
__Leeprom_data              eeprom_data  0000
__Lend_init                 end_init     000C
__Lfunctab                  functab      0000
__LidataBANK0               idataBANK0   0000
__LidataBANK1               idataBANK1   0000
__Lidloc                    idloc        0000
__Linit                     init         000C
__Linittext                 inittext     0000
__Lintentry                 intentry     0004
__Lmaintext                 maintext     0000
__Lpowerup                  powerup      0000
__Lram                      ram          0000
__Lreset_vec                reset_vec    0000
__Lsfr0                     sfr0         0000
__Lsfr1                     sfr1         0000
__Lsfr2                     sfr2         0000
__Lsfr3                     sfr3         0000
__Lspace_0                  (abs)        0000
__Lspace_1                  (abs)        0000
__Lspace_2                  (abs)        0000
__Lspace_3                  (abs)        0000
__Lstack                    stack        0000
__Lstrings                  strings      0000
__Lstringtext               stringtext   0000
__Ltext                     text         0000
__S0                        (abs)        2009
__S1                        (abs)        00AE
__S2                        (abs)        0000
__S3                        (abs)        0000
___int_sp                   stack        0000
___latbits                  (abs)        0002
___sp                       stack        0000
__end_of_AlarmDataDisplay   text28       0DA4
__end_of_ClearScreenOnce    text22       0C17
__end_of_Ds1302Init         text46       1708
__end_of_Ds1302Read         text21       07DE
__end_of_Ds1302ReadTimeBCD  text20       1608
__end_of_Ds1302Write        text48       0CD8
__end_of_Ds1302WriteTime    text19       15D7
__end_of_Ds1302_Init        text45       12B6
__end_of_FrameworkDisplay   text27       1681
__end_of_ISR                text49       1429
__end_of_InitScrn           text41       1311
__end_of_Initialize_INT     text40       12BD
__end_of_Initialize_UART    text37       1448
__end_of_JingleBell         stringtext   0A16
__end_of_KEY_init           text36       1334
__end_of_LCD_Busy           text25       1322
__end_of_LCD_MPU_init       text35       12F3
__end_of_LCD_Read_dat       text26       139B
__end_of_LCD_en_command     text42       1644
__end_of_LCD_en_dat         text31       1347
__end_of_LCD_init           text34       1467
__end_of_LCD_set_xy         text30       13EC
__end_of_LCD_write_char     text29       1384
__end_of_LCD_write_string   text24       1752
__end_of_LED_Init           text33       12D8
__end_of_LittleLamb         stringtext   0A99
__end_of_LittleStar         stringtext   0AB8
__end_of_MUSIC_init         text32       12AF
__end_of_ModeSwitch         text15       076D
__end_of_MusicDisplay       text14       0C77
__end_of_MusicPlay          text11       1000
__end_of_PwmInit            text10       12C5
__end_of_PwmTone            text13       16BE
__end_of_ReadTimeAddr       stringtext   0AD6
__end_of_SixteenNoteDelay   text12       1509
__end_of_SkyCity            stringtext   093B
__end_of_SongName           stringtext   0AC8
__end_of_TimeDataDisplay    text18       0EF8
__end_of_Trans_Alarm_bit    text47       13D0
__end_of_Trans_Time_bit     text17       0E12
__end_of_UART_send_char     text39       136E
__end_of_UART_send_string   text38       1554
__end_of_WriteTimeAddr      stringtext   0ACF
__end_of_Y_position         text16       152C
__end_of__initialization    cinit        0034
__end_of__stringtab         stringtext   0812
__end_of_aFrameworkDisplay  text23       14E7
__end_of_beep_ms            text9        140A
__end_of_check_Alarm        text8        0BBC
__end_of_check_K1           text7        15A9
__end_of_check_K2           text6        14A6
__end_of_check_K3           text5        14C6
__end_of_check_K4           text4        17A9
__end_of_check_K5           text3        1800
__end_of_check_K6           text2        0800
__end_of_delay_ms           text44       157D
__end_of_delay_us           text43       12E5
__end_of_keyscan            text1        1486
__end_of_main               maintext     0D3D
__initialization            cinit        000F
__pbitbssCOMMON             bitbssCOMMON 03D0
__pbssBANK0                 bssBANK0     0020
__pbssCOMMON                bssCOMMON    007B
__pcstackBANK0              cstackBANK0  005D
__pcstackCOMMON             cstackCOMMON 0070
__pdataBANK0                dataBANK0    0043
__pdataBANK1                dataBANK1    00A0
__pidataBANK0               idataBANK0   139B
__pidataBANK1               idataBANK1   12F3
__pintentry                 intentry     0004
__pmaintext                 maintext     0CD8
__pstringtext               stringtext   0800
__ptext1                    text1        1467
__ptext10                   text10       12BD
__ptext11                   text11       0EF8
__ptext12                   text12       14E7
__ptext13                   text13       1681
__ptext14                   text14       0C17
__ptext15                   text15       0038
__ptext16                   text16       1509
__ptext17                   text17       0DA4
__ptext18                   text18       0E12
__ptext19                   text19       15A9
__ptext2                    text2        07DE
__ptext20                   text20       15D7
__ptext21                   text21       076D
__ptext22                   text22       0BBC
__ptext23                   text23       14C6
__ptext24                   text24       1708
__ptext25                   text25       1311
__ptext26                   text26       1384
__ptext27                   text27       1644
__ptext28                   text28       0D3D
__ptext29                   text29       136E
__ptext3                    text3        17A9
__ptext30                   text30       13D0
__ptext31                   text31       1334
__ptext32                   text32       12AA
__ptext33                   text33       12CD
__ptext34                   text34       1448
__ptext35                   text35       12E5
__ptext36                   text36       1322
__ptext37                   text37       1429
__ptext38                   text38       152C
__ptext39                   text39       135A
__ptext4                    text4        1752
__ptext40                   text40       12B6
__ptext41                   text41       1301
__ptext42                   text42       1608
__ptext43                   text43       12D8
__ptext44                   text44       1554
__ptext45                   text45       12AF
__ptext46                   text46       16BE
__ptext47                   text47       13B5
__ptext48                   text48       0C77
__ptext49                   text49       140A
__ptext5                    text5        14A6
__ptext6                    text6        1486
__ptext7                    text7        157D
__ptext8                    text8        0B74
__ptext9                    text9        13EC
__size_of_AlarmDataDisplay  (abs)        0000
__size_of_ClearScreenOnce   (abs)        0000
__size_of_Ds1302Init        (abs)        0000
__size_of_Ds1302Read        (abs)        0000
__size_of_Ds1302ReadTimeBCD (abs)        0000
__size_of_Ds1302Write       (abs)        0000
__size_of_Ds1302WriteTime   (abs)        0000
__size_of_Ds1302_Init       (abs)        0000
__size_of_FrameworkDisplay  (abs)        0000
__size_of_ISR               (abs)        0000
__size_of_InitScrn          (abs)        0000
__size_of_Initialize_INT    (abs)        0000
__size_of_Initialize_UART   (abs)        0000
__size_of_KEY_init          (abs)        0000
__size_of_LCD_Busy          (abs)        0000
__size_of_LCD_MPU_init      (abs)        0000
__size_of_LCD_Read_dat      (abs)        0000
__size_of_LCD_en_command    (abs)        0000
__size_of_LCD_en_dat        (abs)        0000
__size_of_LCD_init          (abs)        0000
__size_of_LCD_set_xy        (abs)        0000
__size_of_LCD_write_char    (abs)        0000
__size_of_LCD_write_string  (abs)        0000
__size_of_LED_Init          (abs)        0000
__size_of_MUSIC_init        (abs)        0000
__size_of_ModeSwitch        (abs)        0000
__size_of_MusicDisplay      (abs)        0000
__size_of_MusicPlay         (abs)        0000
__size_of_PwmInit           (abs)        0000
__size_of_PwmTone           (abs)        0000
__size_of_SixteenNoteDelay  (abs)        0000
__size_of_TimeDataDisplay   (abs)        0000
__size_of_Trans_Alarm_bit   (abs)        0000
__size_of_Trans_Time_bit    (abs)        0000
__size_of_UART_send_char    (abs)        0000
__size_of_UART_send_string  (abs)        0000
__size_of_Y_position        (abs)        0000
__size_of_aFrameworkDisplay (abs)        0000
__size_of_beep_ms           (abs)        0000
__size_of_check_Alarm       (abs)        0000
__size_of_check_K1          (abs)        0000
__size_of_check_K2          (abs)        0000
__size_of_check_K3          (abs)        0000
__size_of_check_K4          (abs)        0000
__size_of_check_K5          (abs)        0000
__size_of_check_K6          (abs)        0000
__size_of_delay_ms          (abs)        0000
__size_of_delay_us          (abs)        0000
__size_of_keyscan           (abs)        0000
__size_of_main              (abs)        0000
__stringbase                stringtext   0812
__stringtab                 stringtext   0800
_aFrameworkDisplay          text23       14C6
_aHOUR_ten                  bssBANK0     003E
_aHOUR_unit                 bssBANK0     003D
_aMINUTE_ten                bssBANK0     003C
_aMINUTE_unit               bssBANK0     003B
_aSECOND_ten                bssBANK0     003A
_aSECOND_unit               bssBANK0     0039
_beep_ms                    text9        13EC
_check_Alarm                text8        0B74
_check_K1                   text7        157D
_check_K2                   text6        1486
_check_K3                   text5        14A6
_check_K4                   text4        1752
_check_K5                   text3        17A9
_check_K6                   text2        07DE
_clear_flag                 bitbssCOMMON 03D0
_cursor_addr                bssBANK0     002A
_delay_ms                   text44       1554
_delay_us                   text43       12D8
_isMusicMode                bitbssCOMMON 03D1
_isMusicPlaying             bitbssCOMMON 03D2
_key2pushflag               bssCOMMON    007B
_key3pushflag               bssBANK0     0029
_keyscan                    text1        1467
_main                       maintext     0CD8
_tempTime_Ds1302            bssBANK0     0020
_week                       dataBANK1    00A0
beep_ms@n                   cstackBANK0  005D
btemp                       (abs)        007E
clear_ram0                  clrtext      12C5
delay_ms@j                  cstackCOMMON 0075
delay_ms@k                  cstackCOMMON 0077
delay_ms@n                  cstackCOMMON 0072
delay_us@n                  cstackCOMMON 0072
end_of_initialization       cinit        0034
init_fetch0                 inittext     1347
init_ram0                   inittext     134B
interrupt_function          intentry     0004
intlevel0                   functab      0000
intlevel1                   functab      0000
intlevel2                   functab      0000
intlevel3                   functab      0000
intlevel4                   functab      0000
intlevel5                   functab      0000
reset_vec                   reset_vec    0000
saved_w                     (abs)        007E
stackhi                     (abs)        0000
stacklo                     (abs)        0000
start                       init         000C
start_initialization        cinit        000F
wtemp0                      (abs)        007E


FUNCTION INFORMATION:

 *************** function _main *****************
 Defined at:
		line 50 in file "main.c"
 Parameters:    Size  Location     Type
		None
 Auto vars:     Size  Location     Type
		None
 Return value:  Size  Location     Type
                  1    wreg      void 
 Registers used:
		wreg, fsr0l, fsr0h, status,2, status,0, btemp+1, pclath, cstack
 Tracked objects:
		On entry : 
		On exit  : 
		Unchanged: 
 Data sizes:     COMMON   BANK0   BANK1   BANK3   BANK2
      Params:         0       0       0       0       0
      Locals:         0       0       0       0       0
      Temps:          0       0       0       0       0
      Totals:         0       0       0       0       0
Total ram usage:        0 bytes
 Hardware stack levels required when called:    8
 This function calls:
		_ClearScreenOnce
		_Ds1302Init
		_Ds1302_Init
		_InitScrn
		_Initialize_INT
		_Initialize_UART
		_KEY_init
		_LCD_MPU_init
		_LCD_init
		_LED_Init
		_MUSIC_init
		_ModeSwitch
		_MusicDisplay
		_MusicPlay
		_PwmInit
		_check_Alarm
		_keyscan
 This function is called by:
		Startup code after reset
 This function uses a non-reentrant model


 *************** function _keyscan *****************
 Defined at:
		line 161 in file "KEY.c"
 Parameters:    Size  Location     Type
		None
 Auto vars:     Size  Location     Type
		None
 Return value:  Size  Location     Type
                  1    wreg      void 
 Registers used:
		wreg, status,2, status,0, pclath, cstack
 Tracked objects:
		On entry : 
		On exit  : 
		Unchanged: 
 Data sizes:     COMMON   BANK0   BANK1   BANK3   BANK2
      Params:         0       0       0       0       0
      Locals:         0       0       0       0       0
      Temps:          0       0       0       0       0
      Totals:         0       0       0       0       0
Total ram usage:        0 bytes
 Hardware stack levels used:    1
 Hardware stack levels required when called:    3
 This function calls:
		_check_K1
		_check_K2
		_check_K3
		_check_K4
		_check_K5
		_check_K6
 This function is called by:
		_main
 This function uses a non-reentrant model


 *************** function _check_K6 *****************
 Defined at:
		line 146 in file "KEY.c"
 Parameters:    Size  Location     Type
		None
 Auto vars:     Size  Location     Type
		None
 Return value:  Size  Location     Type
                  1    wreg      unsigned char 
 Registers used:
		wreg, status,2, status,0, pclath, cstack
 Tracked objects:
		On entry : 
		On exit  : 
		Unchanged: 
 Data sizes:     COMMON   BANK0   BANK1   BANK3   BANK2
      Params:         0       0       0       0       0
      Locals:         0       0       0       0       0
      Temps:          0       0       0       0       0
      Totals:         0       0       0       0       0
Total ram usage:        0 bytes
 Hardware stack levels used:    1
 Hardware stack levels required when called:    2
 This function calls:
		_delay_ms
 This function is called by:
		_keyscan
 This function uses a non-reentrant model


 *************** function _check_K5 *****************
 Defined at:
		line 119 in file "KEY.c"
 Parameters:    Size  Location     Type
		None
 Auto vars:     Size  Location     Type
		None
 Return value:  Size  Location     Type
                  1    wreg      unsigned char 
 Registers used:
		wreg, status,2, status,0, pclath, cstack
 Tracked objects:
		On entry : 
		On exit  : 
		Unchanged: 
 Data sizes:     COMMON   BANK0   BANK1   BANK3   BANK2
      Params:         0       0       0       0       0
      Locals:         0       0       0       0       0
      Temps:          1       0       0       0       0
      Totals:         1       0       0       0       0
Total ram usage:        1 bytes
 Hardware stack levels used:    1
 Hardware stack levels required when called:    2
 This function calls:
		_delay_ms
 This function is called by:
		_keyscan
 This function uses a non-reentrant model


 *************** function _check_K4 *****************
 Defined at:
		line 92 in file "KEY.c"
 Parameters:    Size  Location     Type
		None
 Auto vars:     Size  Location     Type
		None
 Return value:  Size  Location     Type
                  1    wreg      unsigned char 
 Registers used:
		wreg, status,2, status,0, pclath, cstack
 Tracked objects:
		On entry : 
		On exit  : 
		Unchanged: 
 Data sizes:     COMMON   BANK0   BANK1   BANK3   BANK2
      Params:         0       0       0       0       0
      Locals:         0       0       0       0       0
      Temps:          1       0       0       0       0
      Totals:         1       0       0       0       0
Total ram usage:        1 bytes
 Hardware stack levels used:    1
 Hardware stack levels required when called:    2
 This function calls:
		_delay_ms
 This function is called by:
		_keyscan
 This function uses a non-reentrant model


 *************** function _check_K3 *****************
 Defined at:
		line 80 in file "KEY.c"
 Parameters:    Size  Location     Type
		None
 Auto vars:     Size  Location     Type
		None
 Return value:  Size  Location     Type
                  1    wreg      unsigned char 
 Registers used:
		wreg, status,2, status,0, pclath, cstack
 Tracked objects:
		On entry : 
		On exit  : 
		Unchanged: 
 Data sizes:     COMMON   BANK0   BANK1   BANK3   BANK2
      Params:         0       0       0       0       0
      Locals:         0       0       0       0       0
      Temps:          0       0       0       0       0
      Totals:         0       0       0       0       0
Total ram usage:        0 bytes
 Hardware stack levels used:    1
 Hardware stack levels required when called:    2
 This function calls:
		_delay_ms
 This function is called by:
		_keyscan
 This function uses a non-reentrant model


 *************** function _check_K2 *****************
 Defined at:
		line 68 in file "KEY.c"
 Parameters:    Size  Location     Type
		None
 Auto vars:     Size  Location     Type
		None
 Return value:  Size  Location     Type
                  1    wreg      unsigned char 
 Registers used:
		wreg, status,2, status,0, pclath, cstack
 Tracked objects:
		On entry : 
		On exit  : 
		Unchanged: 
 Data sizes:     COMMON   BANK0   BANK1   BANK3   BANK2
      Params:         0       0       0       0       0
      Locals:         0       0       0       0       0
      Temps:          0       0       0       0       0
      Totals:         0       0       0       0       0
Total ram usage:        0 bytes
 Hardware stack levels used:    1
 Hardware stack levels required when called:    2
 This function calls:
		_delay_ms
 This function is called by:
		_keyscan
 This function uses a non-reentrant model


 *************** function _check_K1 *****************
 Defined at:
		line 53 in file "KEY.c"
 Parameters:    Size  Location     Type
		None
 Auto vars:     Size  Location     Type
		None
 Return value:  Size  Location     Type
                  1    wreg      unsigned char 
 Registers used:
		wreg, status,2, status,0, pclath, cstack
 Tracked objects:
		On entry : 
		On exit  : 
		Unchanged: 
 Data sizes:     COMMON   BANK0   BANK1   BANK3   BANK2
      Params:         0       0       0       0       0
      Locals:         0       0       0       0       0
      Temps:          1       0       0       0       0
      Totals:         1       0       0       0       0
Total ram usage:        1 bytes
 Hardware stack levels used:    1
 Hardware stack levels required when called:    2
 This function calls:
		_delay_ms
 This function is called by:
		_keyscan
 This function uses a non-reentrant model


 *************** function _check_Alarm *****************
 Defined at:
		line 241 in file "DS1302.c"
 Parameters:    Size  Location     Type
		None
 Auto vars:     Size  Location     Type
		None
 Return value:  Size  Location     Type
                  1    wreg      void 
 Registers used:
		wreg, status,2, status,0, pclath, cstack
 Tracked objects:
		On entry : 
		On exit  : 
		Unchanged: 
 Data sizes:     COMMON   BANK0   BANK1   BANK3   BANK2
      Params:         0       0       0       0       0
      Locals:         0       0       0       0       0
      Temps:          0       0       0       0       0
      Totals:         0       0       0       0       0
Total ram usage:        0 bytes
 Hardware stack levels used:    1
 Hardware stack levels required when called:    3
 This function calls:
		_beep_ms
 This function is called by:
		_main
 This function uses a non-reentrant model


 *************** function _beep_ms *****************
 Defined at:
		line 230 in file "DS1302.c"
 Parameters:    Size  Location     Type
  n               2    0[BANK0 ] unsigned int 
 Auto vars:     Size  Location     Type
		None
 Return value:  Size  Location     Type
                  1    wreg      void 
 Registers used:
		wreg, status,2, status,0, pclath, cstack
 Tracked objects:
		On entry : 
		On exit  : 
		Unchanged: 
 Data sizes:     COMMON   BANK0   BANK1   BANK3   BANK2
      Params:         0       2       0       0       0
      Locals:         0       0       0       0       0
      Temps:          0       0       0       0       0
      Totals:         0       2       0       0       0
Total ram usage:        2 bytes
 Hardware stack levels used:    1
 Hardware stack levels required when called:    2
 This function calls:
		_PwmTone
		_delay_ms
 This function is called by:
		_check_Alarm
 This function uses a non-reentrant model


 *************** function _PwmInit *****************
 Defined at:
		line 91 in file "SONG.c"
 Parameters:    Size  Location     Type
		None
 Auto vars:     Size  Location     Type
		None
 Return value:  Size  Location     Type
                  1    wreg      void 
 Registers used:
		wreg
 Tracked objects:
		On entry : 
		On exit  : 
		Unchanged: 
 Data sizes:     COMMON   BANK0   BANK1   BANK3   BANK2
      Params:         0       0       0       0       0
      Locals:         0       0       0       0       0
      Temps:          0       0       0       0       0
      Totals:         0       0       0       0       0
Total ram usage:        0 bytes
 Hardware stack levels used:    1
 Hardware stack levels required when called:    1
 This function calls:
		Nothing
 This function is called by:
		_main
 This function uses a non-reentrant model


 *************** function _MusicPlay *****************
 Defined at:
		line 118 in file "SONG.c"
 Parameters:    Size  Location     Type
		None
 Auto vars:     Size  Location     Type
		None
 Return value:  Size  Location     Type
                  1    wreg      void 
 Registers used:
		wreg, fsr0l, fsr0h, status,2, status,0, btemp+1, pclath, cstack
 Tracked objects:
		On entry : 
		On exit  : 
		Unchanged: 
 Data sizes:     COMMON   BANK0   BANK1   BANK3   BANK2
      Params:         0       0       0       0       0
      Locals:         0       0       0       0       0
      Temps:          1       0       0       0       0
      Totals:         1       0       0       0       0
Total ram usage:        1 bytes
 Hardware stack levels used:    1
 Hardware stack levels required when called:    3
 This function calls:
		_PwmTone
		_SixteenNoteDelay
 This function is called by:
		_main
 This function uses a non-reentrant model


 *************** function _SixteenNoteDelay *****************
 Defined at:
		line 21 in file "DELAY.c"
 Parameters:    Size  Location     Type
  n               1    wreg     unsigned char 
 Auto vars:     Size  Location     Type
  n               1    0[BANK0 ] unsigned char 
  x               1    1[BANK0 ] unsigned char 
 Return value:  Size  Location     Type
                  1    wreg      void 
 Registers used:
		wreg, status,2, status,0, pclath, cstack
 Tracked objects:
		On entry : 
		On exit  : 
		Unchanged: 
 Data sizes:     COMMON   BANK0   BANK1   BANK3   BANK2
      Params:         0       0       0       0       0
      Locals:         0       2       0       0       0
      Temps:          1       0       0       0       0
      Totals:         1       2       0       0       0
Total ram usage:        3 bytes
 Hardware stack levels used:    1
 Hardware stack levels required when called:    2
 This function calls:
		_delay_ms
 This function is called by:
		_MusicPlay
 This function uses a non-reentrant model


 *************** function _PwmTone *****************
 Defined at:
		line 102 in file "SONG.c"
 Parameters:    Size  Location     Type
  n               1    wreg     unsigned char 
 Auto vars:     Size  Location     Type
  n               1    6[COMMON] unsigned char 
  X               2    7[COMMON] int 
 Return value:  Size  Location     Type
                  1    wreg      void 
 Registers used:
		wreg, status,2, status,0
 Tracked objects:
		On entry : 
		On exit  : 
		Unchanged: 
 Data sizes:     COMMON   BANK0   BANK1   BANK3   BANK2
      Params:         0       0       0       0       0
      Locals:         3       0       0       0       0
      Temps:          4       0       0       0       0
      Totals:         7       0       0       0       0
Total ram usage:        7 bytes
 Hardware stack levels used:    1
 Hardware stack levels required when called:    1
 This function calls:
		Nothing
 This function is called by:
		_beep_ms
		_MusicPlay
 This function uses a non-reentrant model


 *************** function _MusicDisplay *****************
 Defined at:
		line 37 in file "main.c"
 Parameters:    Size  Location     Type
		None
 Auto vars:     Size  Location     Type
		None
 Return value:  Size  Location     Type
                  1    wreg      void 
 Registers used:
		wreg, fsr0l, fsr0h, status,2, status,0, btemp+1, pclath, cstack
 Tracked objects:
		On entry : 
		On exit  : 
		Unchanged: 
 Data sizes:     COMMON   BANK0   BANK1   BANK3   BANK2
      Params:         0       0       0       0       0
      Locals:         0       0       0       0       0
      Temps:          0       4       0       0       0
      Totals:         0       4       0       0       0
Total ram usage:        4 bytes
 Hardware stack levels used:    1
 Hardware stack levels required when called:    5
 This function calls:
		_LCD_write_char
		_LCD_write_string
 This function is called by:
		_main
 This function uses a non-reentrant model


 *************** function _ModeSwitch *****************
 Defined at:
		line 172 in file "KEY.c"
 Parameters:    Size  Location     Type
		None
 Auto vars:     Size  Location     Type
		None
 Return value:  Size  Location     Type
                  1    wreg      void 
 Registers used:
		wreg, fsr0l, fsr0h, status,2, status,0, btemp+1, pclath, cstack
 Tracked objects:
		On entry : 
		On exit  : 
		Unchanged: 
 Data sizes:     COMMON   BANK0   BANK1   BANK3   BANK2
      Params:         0       0       0       0       0
      Locals:         0       0       0       0       0
      Temps:          0       2       0       0       0
      Totals:         0       2       0       0       0
Total ram usage:        2 bytes
 Hardware stack levels used:    1
 Hardware stack levels required when called:    7
 This function calls:
		_AlarmDataDisplay
		_ClearScreenOnce
		_Ds1302ReadTimeBCD
		_Ds1302WriteTime
		_LCD_write_string
		_TimeDataDisplay
		_Trans_Alarm_bit
		_Trans_Time_bit
		_Y_position
		_delay_ms
 This function is called by:
		_main
 This function uses a non-reentrant model


 *************** function _Y_position *****************
 Defined at:
		line 97 in file "LCD.c"
 Parameters:    Size  Location     Type
  addr            1    wreg     char 
 Auto vars:     Size  Location     Type
  addr            1    2[COMMON] char 
 Return value:  Size  Location     Type
                  1    wreg      unsigned char 
 Registers used:
		wreg
 Tracked objects:
		On entry : 
		On exit  : 
		Unchanged: 
 Data sizes:     COMMON   BANK0   BANK1   BANK3   BANK2
      Params:         0       0       0       0       0
      Locals:         1       0       0       0       0
      Temps:          0       0       0       0       0
      Totals:         1       0       0       0       0
Total ram usage:        1 bytes
 Hardware stack levels used:    1
 Hardware stack levels required when called:    1
 This function calls:
		Nothing
 This function is called by:
		_ModeSwitch
 This function uses a non-reentrant model


 *************** function _Trans_Time_bit *****************
 Defined at:
		line 152 in file "DS1302.c"
 Parameters:    Size  Location     Type
		None
 Auto vars:     Size  Location     Type
		None
 Return value:  Size  Location     Type
                  1    wreg      void 
 Registers used:
		wreg, status,2, status,0
 Tracked objects:
		On entry : 
		On exit  : 
		Unchanged: 
 Data sizes:     COMMON   BANK0   BANK1   BANK3   BANK2
      Params:         0       0       0       0       0
      Locals:         0       0       0       0       0
      Temps:          2       0       0       0       0
      Totals:         2       0       0       0       0
Total ram usage:        2 bytes
 Hardware stack levels used:    1
 Hardware stack levels required when called:    1
 This function calls:
		Nothing
 This function is called by:
		_ModeSwitch
 This function uses a non-reentrant model


 *************** function _TimeDataDisplay *****************
 Defined at:
		line 171 in file "DS1302.c"
 Parameters:    Size  Location     Type
		None
 Auto vars:     Size  Location     Type
		None
 Return value:  Size  Location     Type
                  1    wreg      void 
 Registers used:
		wreg, fsr0l, fsr0h, status,2, status,0, btemp+1, pclath, cstack
 Tracked objects:
		On entry : 
		On exit  : 
		Unchanged: 
 Data sizes:     COMMON   BANK0   BANK1   BANK3   BANK2
      Params:         0       0       0       0       0
      Locals:         0       0       0       0       0
      Temps:          0       2       0       0       0
      Totals:         0       2       0       0       0
Total ram usage:        2 bytes
 Hardware stack levels used:    1
 Hardware stack levels required when called:    5
 This function calls:
		_LCD_write_char
		_LCD_write_string
 This function is called by:
		_ModeSwitch
 This function uses a non-reentrant model


 *************** function _Ds1302WriteTime *****************
 Defined at:
		line 125 in file "DS1302.c"
 Parameters:    Size  Location     Type
  n               1    wreg     unsigned char 
  dat             1    6[COMMON] unsigned char 
 Auto vars:     Size  Location     Type
  n               1    8[COMMON] unsigned char 
 Return value:  Size  Location     Type
                  1    wreg      void 
 Registers used:
		wreg, fsr0l, fsr0h, status,2, status,0, btemp+1, pclath, cstack
 Tracked objects:
		On entry : 
		On exit  : 
		Unchanged: 
 Data sizes:     COMMON   BANK0   BANK1   BANK3   BANK2
      Params:         1       0       0       0       0
      Locals:         1       0       0       0       0
      Temps:          1       0       0       0       0
      Totals:         3       0       0       0       0
Total ram usage:        3 bytes
 Hardware stack levels used:    1
 Hardware stack levels required when called:    2
 This function calls:
		_Ds1302Write
 This function is called by:
		_ModeSwitch
 This function uses a non-reentrant model


 *************** function _Ds1302ReadTimeBCD *****************
 Defined at:
		line 142 in file "DS1302.c"
 Parameters:    Size  Location     Type
		None
 Auto vars:     Size  Location     Type
  n               1    0[BANK0 ] unsigned char 
 Return value:  Size  Location     Type
                  1    wreg      void 
 Registers used:
		wreg, fsr0l, fsr0h, status,2, status,0, btemp+1, pclath, cstack
 Tracked objects:
		On entry : 
		On exit  : 
		Unchanged: 
 Data sizes:     COMMON   BANK0   BANK1   BANK3   BANK2
      Params:         0       0       0       0       0
      Locals:         0       1       0       0       0
      Temps:          1       0       0       0       0
      Totals:         1       1       0       0       0
Total ram usage:        2 bytes
 Hardware stack levels used:    1
 Hardware stack levels required when called:    2
 This function calls:
		_Ds1302Read
 This function is called by:
		_ModeSwitch
 This function uses a non-reentrant model


 *************** function _Ds1302Read *****************
 Defined at:
		line 62 in file "DS1302.c"
 Parameters:    Size  Location     Type
  addr            1    wreg     unsigned char 
 Auto vars:     Size  Location     Type
  addr            1    5[COMMON] unsigned char 
  n               1    8[COMMON] unsigned char 
  dat             1    7[COMMON] unsigned char 
  dat1            1    6[COMMON] unsigned char 
 Return value:  Size  Location     Type
                  1    wreg      unsigned char 
 Registers used:
		wreg, status,2, status,0
 Tracked objects:
		On entry : 
		On exit  : 
		Unchanged: 
 Data sizes:     COMMON   BANK0   BANK1   BANK3   BANK2
      Params:         0       0       0       0       0
      Locals:         4       0       0       0       0
      Temps:          3       0       0       0       0
      Totals:         7       0       0       0       0
Total ram usage:        7 bytes
 Hardware stack levels used:    1
 Hardware stack levels required when called:    1
 This function calls:
		Nothing
 This function is called by:
		_Ds1302ReadTimeBCD
 This function uses a non-reentrant model


 *************** function _ClearScreenOnce *****************
 Defined at:
		line 32 in file "KEY.c"
 Parameters:    Size  Location     Type
		None
 Auto vars:     Size  Location     Type
		None
 Return value:  Size  Location     Type
                  1    wreg      void 
 Registers used:
		wreg, fsr0l, fsr0h, status,2, status,0, btemp+1, pclath, cstack
 Tracked objects:
		On entry : 
		On exit  : 
		Unchanged: 
 Data sizes:     COMMON   BANK0   BANK1   BANK3   BANK2
      Params:         0       0       0       0       0
      Locals:         0       0       0       0       0
      Temps:          0       1       0       0       0
      Totals:         0       1       0       0       0
Total ram usage:        1 bytes
 Hardware stack levels used:    1
 Hardware stack levels required when called:    6
 This function calls:
		_FrameworkDisplay
		_LCD_en_command
		_LCD_write_string
		_aFrameworkDisplay
 This function is called by:
		_main
		_ModeSwitch
 This function uses a non-reentrant model


 *************** function _aFrameworkDisplay *****************
 Defined at:
		line 203 in file "DS1302.c"
 Parameters:    Size  Location     Type
		None
 Auto vars:     Size  Location     Type
		None
 Return value:  Size  Location     Type
                  1    wreg      void 
 Registers used:
		wreg, status,2, status,0, pclath, cstack
 Tracked objects:
		On entry : 
		On exit  : 
		Unchanged: 
 Data sizes:     COMMON   BANK0   BANK1   BANK3   BANK2
      Params:         0       0       0       0       0
      Locals:         0       0       0       0       0
      Temps:          0       2       0       0       0
      Totals:         0       2       0       0       0
Total ram usage:        2 bytes
 Hardware stack levels used:    1
 Hardware stack levels required when called:    5
 This function calls:
		_LCD_write_char
 This function is called by:
		_ClearScreenOnce
 This function uses a non-reentrant model


 *************** function _LCD_write_string *****************
 Defined at:
		line 84 in file "LCD.c"
 Parameters:    Size  Location     Type
  X               1    wreg     unsigned char 
  Y               1    3[BANK0 ] unsigned char 
  s               2    4[BANK0 ] PTR unsigned char 
		 -> STR_20(2), STR_19(4), STR_18(2), STR_17(15), 
		 -> STR_16(5), STR_15(6), STR_14(3), STR_13(5), 
		 -> STR_12(5), STR_11(5), STR_10(5), STR_9(5), 
		 -> STR_8(5), STR_7(5), STR_6(5), STR_5(5), 
		 -> RAM(512), 
 Auto vars:     Size  Location     Type
  X               1    7[BANK0 ] unsigned char 
 Return value:  Size  Location     Type
                  1    wreg      void 
 Registers used:
		wreg, fsr0l, fsr0h, status,2, status,0, btemp+1, pclath, cstack
 Tracked objects:
		On entry : 
		On exit  : 
		Unchanged: 
 Data sizes:     COMMON   BANK0   BANK1   BANK3   BANK2
      Params:         0       3       0       0       0
      Locals:         0       1       0       0       0
      Temps:          0       1       0       0       0
      Totals:         0       5       0       0       0
Total ram usage:        5 bytes
 Hardware stack levels used:    1
 Hardware stack levels required when called:    4
 This function calls:
		_LCD_Busy
		_LCD_en_dat
		_LCD_set_xy
 This function is called by:
		_MusicDisplay
		_TimeDataDisplay
		_ClearScreenOnce
		_ModeSwitch
 This function uses a non-reentrant model


 *************** function _LCD_Busy *****************
 Defined at:
		line 129 in file "LCD.c"
 Parameters:    Size  Location     Type
		None
 Auto vars:     Size  Location     Type
  busyFlag        1    5[COMMON] unsigned char 
 Return value:  Size  Location     Type
                  1    wreg      void 
 Registers used:
		wreg, status,2, pclath, cstack
 Tracked objects:
		On entry : 
		On exit  : 
		Unchanged: 
 Data sizes:     COMMON   BANK0   BANK1   BANK3   BANK2
      Params:         0       0       0       0       0
      Locals:         1       0       0       0       0
      Temps:          1       0       0       0       0
      Totals:         2       0       0       0       0
Total ram usage:        2 bytes
 Hardware stack levels used:    1
 Hardware stack levels required when called:    2
 This function calls:
		_LCD_Read_dat
 This function is called by:
		_LCD_write_string
 This function uses a non-reentrant model


 *************** function _LCD_Read_dat *****************
 Defined at:
		line 48 in file "LCD.c"
 Parameters:    Size  Location     Type
		None
 Auto vars:     Size  Location     Type
  dat             1    3[COMMON] unsigned char 
 Return value:  Size  Location     Type
                  1    wreg      unsigned char 
 Registers used:
		wreg, status,2
 Tracked objects:
		On entry : 
		On exit  : 
		Unchanged: 
 Data sizes:     COMMON   BANK0   BANK1   BANK3   BANK2
      Params:         0       0       0       0       0
      Locals:         1       0       0       0       0
      Temps:          1       0       0       0       0
      Totals:         2       0       0       0       0
Total ram usage:        2 bytes
 Hardware stack levels used:    1
 Hardware stack levels required when called:    1
 This function calls:
		Nothing
 This function is called by:
		_LCD_Busy
 This function uses a non-reentrant model


 *************** function _FrameworkDisplay *****************
 Defined at:
		line 194 in file "DS1302.c"
 Parameters:    Size  Location     Type
		None
 Auto vars:     Size  Location     Type
		None
 Return value:  Size  Location     Type
                  1    wreg      void 
 Registers used:
		wreg, status,2, status,0, pclath, cstack
 Tracked objects:
		On entry : 
		On exit  : 
		Unchanged: 
 Data sizes:     COMMON   BANK0   BANK1   BANK3   BANK2
      Params:         0       0       0       0       0
      Locals:         0       0       0       0       0
      Temps:          0       2       0       0       0
      Totals:         0       2       0       0       0
Total ram usage:        2 bytes
 Hardware stack levels used:    1
 Hardware stack levels required when called:    5
 This function calls:
		_LCD_write_char
 This function is called by:
		_ClearScreenOnce
 This function uses a non-reentrant model


 *************** function _AlarmDataDisplay *****************
 Defined at:
		line 221 in file "DS1302.c"
 Parameters:    Size  Location     Type
		None
 Auto vars:     Size  Location     Type
		None
 Return value:  Size  Location     Type
                  1    wreg      void 
 Registers used:
		wreg, status,2, status,0, pclath, cstack
 Tracked objects:
		On entry : 
		On exit  : 
		Unchanged: 
 Data sizes:     COMMON   BANK0   BANK1   BANK3   BANK2
      Params:         0       0       0       0       0
      Locals:         0       0       0       0       0
      Temps:          0       2       0       0       0
      Totals:         0       2       0       0       0
Total ram usage:        2 bytes
 Hardware stack levels used:    1
 Hardware stack levels required when called:    5
 This function calls:
		_LCD_write_char
 This function is called by:
		_ModeSwitch
 This function uses a non-reentrant model


 *************** function _LCD_write_char *****************
 Defined at:
		line 77 in file "LCD.c"
 Parameters:    Size  Location     Type
  x               1    wreg     char 
  y               1    3[BANK0 ] char 
  dat             1    4[BANK0 ] char 
 Auto vars:     Size  Location     Type
  x               1    6[BANK0 ] char 
 Return value:  Size  Location     Type
                  1    wreg      void 
 Registers used:
		wreg, status,2, status,0, pclath, cstack
 Tracked objects:
		On entry : 
		On exit  : 
		Unchanged: 
 Data sizes:     COMMON   BANK0   BANK1   BANK3   BANK2
      Params:         0       2       0       0       0
      Locals:         0       1       0       0       0
      Temps:          0       1       0       0       0
      Totals:         0       4       0       0       0
Total ram usage:        4 bytes
 Hardware stack levels used:    1
 Hardware stack levels required when called:    4
 This function calls:
		_LCD_en_dat
		_LCD_set_xy
 This function is called by:
		_MusicDisplay
		_TimeDataDisplay
		_FrameworkDisplay
		_aFrameworkDisplay
		_AlarmDataDisplay
 This function uses a non-reentrant model


 *************** function _LCD_set_xy *****************
 Defined at:
		line 65 in file "LCD.c"
 Parameters:    Size  Location     Type
  x               1    wreg     unsigned char 
  y               1    9[COMMON] unsigned char 
 Auto vars:     Size  Location     Type
  x               1    2[BANK0 ] unsigned char 
  address         1    1[BANK0 ] unsigned char 
 Return value:  Size  Location     Type
                  1    wreg      void 
 Registers used:
		wreg, status,2, status,0, pclath, cstack
 Tracked objects:
		On entry : 
		On exit  : 
		Unchanged: 
 Data sizes:     COMMON   BANK0   BANK1   BANK3   BANK2
      Params:         1       0       0       0       0
      Locals:         0       2       0       0       0
      Temps:          0       1       0       0       0
      Totals:         1       3       0       0       0
Total ram usage:        4 bytes
 Hardware stack levels used:    1
 Hardware stack levels required when called:    3
 This function calls:
		_LCD_en_command
 This function is called by:
		_LCD_write_char
		_LCD_write_string
 This function uses a non-reentrant model


 *************** function _LCD_en_dat *****************
 Defined at:
		line 34 in file "LCD.c"
 Parameters:    Size  Location     Type
  dat             1    wreg     unsigned char 
 Auto vars:     Size  Location     Type
  dat             1    3[COMMON] unsigned char 
 Return value:  Size  Location     Type
                  1    wreg      void 
 Registers used:
		wreg, status,2, status,0, pclath, cstack
 Tracked objects:
		On entry : 
		On exit  : 
		Unchanged: 
 Data sizes:     COMMON   BANK0   BANK1   BANK3   BANK2
      Params:         0       0       0       0       0
      Locals:         1       0       0       0       0
      Temps:          0       0       0       0       0
      Totals:         1       0       0       0       0
Total ram usage:        1 bytes
 Hardware stack levels used:    1
 Hardware stack levels required when called:    2
 This function calls:
		_delay_us
 This function is called by:
		_LCD_write_char
		_LCD_write_string
 This function uses a non-reentrant model


 *************** function _MUSIC_init *****************
 Defined at:
		line 85 in file "SONG.c"
 Parameters:    Size  Location     Type
		None
 Auto vars:     Size  Location     Type
		None
 Return value:  Size  Location     Type
                  1    wreg      void 
 Registers used:
		status,2
 Tracked objects:
		On entry : 
		On exit  : 
		Unchanged: 
 Data sizes:     COMMON   BANK0   BANK1   BANK3   BANK2
      Params:         0       0       0       0       0
      Locals:         0       0       0       0       0
      Temps:          0       0       0       0       0
      Totals:         0       0       0       0       0
Total ram usage:        0 bytes
 Hardware stack levels used:    1
 Hardware stack levels required when called:    1
 This function calls:
		Nothing
 This function is called by:
		_main
 This function uses a non-reentrant model


 *************** function _LED_Init *****************
 Defined at:
		line 5 in file "LED.c"
 Parameters:    Size  Location     Type
		None
 Auto vars:     Size  Location     Type
		None
 Return value:  Size  Location     Type
                  1    wreg      void 
 Registers used:
		wreg, status,2, status,0
 Tracked objects:
		On entry : 
		On exit  : 
		Unchanged: 
 Data sizes:     COMMON   BANK0   BANK1   BANK3   BANK2
      Params:         0       0       0       0       0
      Locals:         0       0       0       0       0
      Temps:          1       0       0       0       0
      Totals:         1       0       0       0       0
Total ram usage:        1 bytes
 Hardware stack levels used:    1
 Hardware stack levels required when called:    1
 This function calls:
		Nothing
 This function is called by:
		_main
 This function uses a non-reentrant model


 *************** function _LCD_init *****************
 Defined at:
		line 24 in file "LCD.c"
 Parameters:    Size  Location     Type
		None
 Auto vars:     Size  Location     Type
		None
 Return value:  Size  Location     Type
                  1    wreg      void 
 Registers used:
		wreg, status,2, status,0, pclath, cstack
 Tracked objects:
		On entry : 
		On exit  : 
		Unchanged: 
 Data sizes:     COMMON   BANK0   BANK1   BANK3   BANK2
      Params:         0       0       0       0       0
      Locals:         0       0       0       0       0
      Temps:          0       0       0       0       0
      Totals:         0       0       0       0       0
Total ram usage:        0 bytes
 Hardware stack levels used:    1
 Hardware stack levels required when called:    3
 This function calls:
		_LCD_en_command
 This function is called by:
		_main
 This function uses a non-reentrant model


 *************** function _LCD_MPU_init *****************
 Defined at:
		line 111 in file "LCD.c"
 Parameters:    Size  Location     Type
		None
 Auto vars:     Size  Location     Type
		None
 Return value:  Size  Location     Type
                  1    wreg      void 
 Registers used:
		wreg, status,2, status,0
 Tracked objects:
		On entry : 
		On exit  : 
		Unchanged: 
 Data sizes:     COMMON   BANK0   BANK1   BANK3   BANK2
      Params:         0       0       0       0       0
      Locals:         0       0       0       0       0
      Temps:          1       0       0       0       0
      Totals:         1       0       0       0       0
Total ram usage:        1 bytes
 Hardware stack levels used:    1
 Hardware stack levels required when called:    1
 This function calls:
		Nothing
 This function is called by:
		_main
 This function uses a non-reentrant model


 *************** function _KEY_init *****************
 Defined at:
		line 20 in file "KEY.c"
 Parameters:    Size  Location     Type
		None
 Auto vars:     Size  Location     Type
		None
 Return value:  Size  Location     Type
                  1    wreg      void 
 Registers used:
		wreg, status,2, status,0
 Tracked objects:
		On entry : 
		On exit  : 
		Unchanged: 
 Data sizes:     COMMON   BANK0   BANK1   BANK3   BANK2
      Params:         0       0       0       0       0
      Locals:         0       0       0       0       0
      Temps:          1       0       0       0       0
      Totals:         1       0       0       0       0
Total ram usage:        1 bytes
 Hardware stack levels used:    1
 Hardware stack levels required when called:    1
 This function calls:
		Nothing
 This function is called by:
		_main
 This function uses a non-reentrant model


 *************** function _Initialize_UART *****************
 Defined at:
		line 9 in file "UART.c"
 Parameters:    Size  Location     Type
		None
 Auto vars:     Size  Location     Type
		None
 Return value:  Size  Location     Type
                  1    wreg      void 
 Registers used:
		wreg, fsr0l, fsr0h, status,2, status,0, btemp+1, pclath, cstack
 Tracked objects:
		On entry : 
		On exit  : 
		Unchanged: 
 Data sizes:     COMMON   BANK0   BANK1   BANK3   BANK2
      Params:         0       0       0       0       0
      Locals:         0       0       0       0       0
      Temps:          0       0       0       0       0
      Totals:         0       0       0       0       0
Total ram usage:        0 bytes
 Hardware stack levels used:    1
 Hardware stack levels required when called:    3
 This function calls:
		_UART_send_string
 This function is called by:
		_main
 This function uses a non-reentrant model


 *************** function _UART_send_string *****************
 Defined at:
		line 38 in file "UART.c"
 Parameters:    Size  Location     Type
  Str             2    3[COMMON] PTR unsigned char 
		 -> STR_21(37), 
 Auto vars:     Size  Location     Type
		None
 Return value:  Size  Location     Type
                  1    wreg      void 
 Registers used:
		wreg, fsr0l, fsr0h, status,2, status,0, btemp+1, pclath, cstack
 Tracked objects:
		On entry : 
		On exit  : 
		Unchanged: 
 Data sizes:     COMMON   BANK0   BANK1   BANK3   BANK2
      Params:         2       0       0       0       0
      Locals:         0       0       0       0       0
      Temps:          0       0       0       0       0
      Totals:         2       0       0       0       0
Total ram usage:        2 bytes
 Hardware stack levels used:    1
 Hardware stack levels required when called:    2
 This function calls:
		_UART_send_char
 This function is called by:
		_Initialize_UART
 This function uses a non-reentrant model


 *************** function _UART_send_char *****************
 Defined at:
		line 31 in file "UART.c"
 Parameters:    Size  Location     Type
  data            1    wreg     unsigned char 
 Auto vars:     Size  Location     Type
  data            1    2[COMMON] unsigned char 
 Return value:  Size  Location     Type
                  1    wreg      void 
 Registers used:
		wreg
 Tracked objects:
		On entry : 
		On exit  : 
		Unchanged: 
 Data sizes:     COMMON   BANK0   BANK1   BANK3   BANK2
      Params:         0       0       0       0       0
      Locals:         1       0       0       0       0
      Temps:          0       0       0       0       0
      Totals:         1       0       0       0       0
Total ram usage:        1 bytes
 Hardware stack levels used:    1
 Hardware stack levels required when called:    1
 This function calls:
		Nothing
 This function is called by:
		_UART_send_string
 This function uses a non-reentrant model


 *************** function _Initialize_INT *****************
 Defined at:
		line 3 in file "INT.c"
 Parameters:    Size  Location     Type
		None
 Auto vars:     Size  Location     Type
		None
 Return value:  Size  Location     Type
                  1    wreg      void 
 Registers used:
		None
 Tracked objects:
		On entry : 
		On exit  : 
		Unchanged: 
 Data sizes:     COMMON   BANK0   BANK1   BANK3   BANK2
      Params:         0       0       0       0       0
      Locals:         0       0       0       0       0
      Temps:          0       0       0       0       0
      Totals:         0       0       0       0       0
Total ram usage:        0 bytes
 Hardware stack levels used:    1
 Hardware stack levels required when called:    1
 This function calls:
		Nothing
 This function is called by:
		_main
 This function uses a non-reentrant model


 *************** function _InitScrn *****************
 Defined at:
		line 121 in file "LCD.c"
 Parameters:    Size  Location     Type
		None
 Auto vars:     Size  Location     Type
		None
 Return value:  Size  Location     Type
                  1    wreg      void 
 Registers used:
		wreg, status,2, status,0, pclath, cstack
 Tracked objects:
		On entry : 
		On exit  : 
		Unchanged: 
 Data sizes:     COMMON   BANK0   BANK1   BANK3   BANK2
      Params:         0       0       0       0       0
      Locals:         0       0       0       0       0
      Temps:          0       0       0       0       0
      Totals:         0       0       0       0       0
Total ram usage:        0 bytes
 Hardware stack levels used:    1
 Hardware stack levels required when called:    3
 This function calls:
		_LCD_en_command
		_delay_ms
 This function is called by:
		_main
 This function uses a non-reentrant model


 *************** function _LCD_en_command *****************
 Defined at:
		line 6 in file "LCD.c"
 Parameters:    Size  Location     Type
  command         1    wreg     unsigned char 
 Auto vars:     Size  Location     Type
  command         1    8[COMMON] unsigned char 
 Return value:  Size  Location     Type
                  1    wreg      void 
 Registers used:
		wreg, status,2, status,0, pclath, cstack
 Tracked objects:
		On entry : 
		On exit  : 
		Unchanged: 
 Data sizes:     COMMON   BANK0   BANK1   BANK3   BANK2
      Params:         0       0       0       0       0
      Locals:         1       0       0       0       0
      Temps:          0       0       0       0       0
      Totals:         1       0       0       0       0
Total ram usage:        1 bytes
 Hardware stack levels used:    1
 Hardware stack levels required when called:    2
 This function calls:
		_delay_ms
		_delay_us
 This function is called by:
		_LCD_init
		_LCD_set_xy
		_InitScrn
		_ClearScreenOnce
 This function uses a non-reentrant model


 *************** function _delay_us *****************
 Defined at:
		line 13 in file "DELAY.c"
 Parameters:    Size  Location     Type
  n               1    wreg     unsigned char 
 Auto vars:     Size  Location     Type
  n               1    2[COMMON] unsigned char 
 Return value:  Size  Location     Type
                  1    wreg      void 
 Registers used:
		wreg, status,2, status,0
 Tracked objects:
		On entry : 
		On exit  : 
		Unchanged: 
 Data sizes:     COMMON   BANK0   BANK1   BANK3   BANK2
      Params:         0       0       0       0       0
      Locals:         1       0       0       0       0
      Temps:          0       0       0       0       0
      Totals:         1       0       0       0       0
Total ram usage:        1 bytes
 Hardware stack levels used:    1
 Hardware stack levels required when called:    1
 This function calls:
		Nothing
 This function is called by:
		_LCD_en_command
		_LCD_en_dat
 This function uses a non-reentrant model


 *************** function _delay_ms *****************
 Defined at:
		line 4 in file "DELAY.c"
 Parameters:    Size  Location     Type
  n               2    2[COMMON] unsigned int 
 Auto vars:     Size  Location     Type
  j               2    5[COMMON] unsigned int 
  k               1    7[COMMON] unsigned char 
 Return value:  Size  Location     Type
                  1    wreg      void 
 Registers used:
		wreg, status,2, status,0
 Tracked objects:
		On entry : 
		On exit  : 
		Unchanged: 
 Data sizes:     COMMON   BANK0   BANK1   BANK3   BANK2
      Params:         2       0       0       0       0
      Locals:         3       0       0       0       0
      Temps:          1       0       0       0       0
      Totals:         6       0       0       0       0
Total ram usage:        6 bytes
 Hardware stack levels used:    1
 Hardware stack levels required when called:    1
 This function calls:
		Nothing
 This function is called by:
		_LCD_en_command
		_InitScrn
		_beep_ms
		_SixteenNoteDelay
		_check_K1
		_check_K2
		_check_K3
		_check_K4
		_check_K5
		_check_K6
		_ModeSwitch
 This function uses a non-reentrant model


 *************** function _Ds1302_Init *****************
 Defined at:
		line 135 in file "DS1302.c"
 Parameters:    Size  Location     Type
		None
 Auto vars:     Size  Location     Type
		None
 Return value:  Size  Location     Type
                  1    wreg      void 
 Registers used:
		wreg, status,2, status,0
 Tracked objects:
		On entry : 
		On exit  : 
		Unchanged: 
 Data sizes:     COMMON   BANK0   BANK1   BANK3   BANK2
      Params:         0       0       0       0       0
      Locals:         0       0       0       0       0
      Temps:          1       0       0       0       0
      Totals:         1       0       0       0       0
Total ram usage:        1 bytes
 Hardware stack levels used:    1
 Hardware stack levels required when called:    1
 This function calls:
		Nothing
 This function is called by:
		_main
 This function uses a non-reentrant model


 *************** function _Ds1302Init *****************
 Defined at:
		line 107 in file "DS1302.c"
 Parameters:    Size  Location     Type
		None
 Auto vars:     Size  Location     Type
  n               1    7[COMMON] unsigned char 
  dat             1    0        unsigned char 
 Return value:  Size  Location     Type
                  1    wreg      void 
 Registers used:
		wreg, fsr0l, fsr0h, status,2, status,0, btemp+1, pclath, cstack
 Tracked objects:
		On entry : 
		On exit  : 
		Unchanged: 
 Data sizes:     COMMON   BANK0   BANK1   BANK3   BANK2
      Params:         0       0       0       0       0
      Locals:         1       0       0       0       0
      Temps:          1       0       0       0       0
      Totals:         2       0       0       0       0
Total ram usage:        2 bytes
 Hardware stack levels used:    1
 Hardware stack levels required when called:    2
 This function calls:
		_Ds1302Write
		_Trans_Alarm_bit
 This function is called by:
		_main
 This function uses a non-reentrant model


 *************** function _Trans_Alarm_bit *****************
 Defined at:
		line 210 in file "DS1302.c"
 Parameters:    Size  Location     Type
		None
 Auto vars:     Size  Location     Type
		None
 Return value:  Size  Location     Type
                  1    wreg      void 
 Registers used:
		wreg
 Tracked objects:
		On entry : 
		On exit  : 
		Unchanged: 
 Data sizes:     COMMON   BANK0   BANK1   BANK3   BANK2
      Params:         0       0       0       0       0
      Locals:         0       0       0       0       0
      Temps:          1       0       0       0       0
      Totals:         1       0       0       0       0
Total ram usage:        1 bytes
 Hardware stack levels used:    1
 Hardware stack levels required when called:    1
 This function calls:
		Nothing
 This function is called by:
		_Ds1302Init
		_ModeSwitch
 This function uses a non-reentrant model


 *************** function _Ds1302Write *****************
 Defined at:
		line 27 in file "DS1302.c"
 Parameters:    Size  Location     Type
  addr            1    wreg     unsigned char 
  dat             1    2[COMMON] unsigned char 
 Auto vars:     Size  Location     Type
  addr            1    4[COMMON] unsigned char 
  n               1    5[COMMON] unsigned char 
 Return value:  Size  Location     Type
                  1    wreg      void 
 Registers used:
		wreg, status,2, status,0
 Tracked objects:
		On entry : 
		On exit  : 
		Unchanged: 
 Data sizes:     COMMON   BANK0   BANK1   BANK3   BANK2
      Params:         1       0       0       0       0
      Locals:         2       0       0       0       0
      Temps:          1       0       0       0       0
      Totals:         4       0       0       0       0
Total ram usage:        4 bytes
 Hardware stack levels used:    1
 Hardware stack levels required when called:    1
 This function calls:
		Nothing
 This function is called by:
		_Ds1302Init
		_Ds1302WriteTime
 This function uses a non-reentrant model


 *************** function _ISR *****************
 Defined at:
		line 93 in file "main.c"
 Parameters:    Size  Location     Type
		None
 Auto vars:     Size  Location     Type
		None
 Return value:  Size  Location     Type
                  1    wreg      void 
 Registers used:
		wreg, status,0
 Tracked objects:
		On entry : 
		On exit  : 
		Unchanged: 
 Data sizes:     COMMON   BANK0   BANK1   BANK3   BANK2
      Params:         0       0       0       0       0
      Locals:         0       0       0       0       0
      Temps:          2       0       0       0       0
      Totals:         2       0       0       0       0
Total ram usage:        2 bytes
 Hardware stack levels used:    1
 This function calls:
		Nothing
 This function is called by:
		Interrupt level 1
 This function uses a non-reentrant model



MODULE INFORMATION

Module		Function		Class		Link	Load	Size
UART.c
		_UART_send_string		CODE           	152C	0000	41
		_UART_send_char		CODE           	135A	0000	21
		_Initialize_UART		CODE           	1429	0000	32

UART.c estimated size: 94

LED.c
		_LED_Init      		CODE           	12CD	0000	12

LED.c estimated size: 12

DS1302.c
		_check_Alarm   		CODE           	0B74	0000	73
		_TimeDataDisplay		CODE           	0E12	0000	231
		_Ds1302Write   		CODE           	0C77	0000	98
		_AlarmDataDisplay		CODE           	0D3D	0000	104
		_Ds1302ReadTimeBCD		CODE           	15D7	0000	50
		_beep_ms       		CODE           	13EC	0000	31
		_Ds1302Init    		CODE           	16BE	0000	75
		_Trans_Time_bit		CODE           	0DA4	0000	111
		_Ds1302_Init   		CODE           	12AF	0000	8
		_aFrameworkDisplay		CODE           	14C6	0000	34
		_Ds1302WriteTime		CODE           	15A9	0000	47
		_Ds1302Read    		CODE           	076D	0000	114
		_FrameworkDisplay		CODE           	1644	0000	62
		_Trans_Alarm_bit		CODE           	13B5	0000	28

DS1302.c estimated size: 1066

shared
		__stringtab    		STRCODE        	0800	0000	19
		_SkyCity       		STRCODE        	0812	0000	298
		_JingleBell    		STRCODE        	093B	0000	220
		__initialization		CODE           	000F	0000	38
		_ReadTimeAddr  		STRCODE        	0ACF	0000	8
		_LittleStar    		STRCODE        	0A99	0000	32
		_WriteTimeAddr 		STRCODE        	0AC8	0000	8
		_SongName      		STRCODE        	0AB8	0000	17
		_LittleLamb    		STRCODE        	0A16	0000	132

shared estimated size: 772

KEY.c
		_KEY_init      		CODE           	1322	0000	19
		_keyscan       		CODE           	1467	0000	32
		_ClearScreenOnce		CODE           	0BBC	0000	92
		_ModeSwitch    		CODE           	0038	0000	1846
		_check_K1      		CODE           	157D	0000	45
		_check_K2      		CODE           	1486	0000	33
		_check_K3      		CODE           	14A6	0000	33
		_check_K4      		CODE           	1752	0000	88
		_check_K5      		CODE           	17A9	0000	88
		_check_K6      		CODE           	07DE	0000	35

KEY.c estimated size: 2311

SONG.c
		_MUSIC_init    		CODE           	12AA	0000	6
		_MusicPlay     		CODE           	0EF8	0000	265
		_PwmInit       		CODE           	12BD	0000	9
		_PwmTone       		CODE           	1681	0000	62

SONG.c estimated size: 342

INT.c
		_Initialize_INT		CODE           	12B6	0000	8

INT.c estimated size: 8

DELAY.c
		_delay_us      		CODE           	12D8	0000	14
		_SixteenNoteDelay		CODE           	14E7	0000	35
		_delay_ms      		CODE           	1554	0000	42

DELAY.c estimated size: 91

main.c
		_MusicDisplay  		CODE           	0C17	0000	97
		_ISR           		CODE           	140A	0000	32
		_main          		CODE           	0CD8	0000	102

main.c estimated size: 231

LCD.c
		_LCD_en_dat    		CODE           	1334	0000	20
		_LCD_Read_dat  		CODE           	1384	0000	24
		_LCD_Busy      		CODE           	1311	0000	18
		_Y_position    		CODE           	1509	0000	36
		_LCD_en_command		CODE           	1608	0000	61
		_InitScrn      		CODE           	1301	0000	17
		_LCD_write_string		CODE           	1708	0000	75
		_LCD_init      		CODE           	1448	0000	32
		_LCD_write_char		CODE           	136E	0000	23
		_LCD_MPU_init  		CODE           	12E5	0000	15
		_LCD_set_xy    		CODE           	13D0	0000	29

LCD.c estimated size: 350

